// Jest Snapshot v1, https://goo.gl/fbAQLP

exports[`wp-org-comments â€º Comments fromPost returns an empty array for posts without comments 1`] = `Array []`;

exports[`wp-org-comments â€º Comments fromPost returns comments from entity.raw 1`] = `
Array [
  Object {
    "avatar": "https://secure.gravatar.com/avatar/485a5c16c5e51ffad6e76c48fd0cb88b?s=96&d=mm&r=g",
    "content": "<p>Nice post, Alan! Iceland must be amazing. Thanks for sharing ðŸ™‚</p>
",
    "dateString": "2017-01-13T16:10:43",
    "id": "5",
    "name": "Reyes Martinez",
    "parent": "0",
  },
  Object {
    "avatar": "https://secure.gravatar.com/avatar/a850f5724ad7ea03941081972841a04a?s=96&d=mm&r=g",
    "content": "<p>Hi, Reyes</p>
",
    "dateString": "2019-02-06T17:35:39",
    "id": "124",
    "name": "Mario",
    "parent": "0",
  },
]
`;

exports[`wp-org-comments â€º Comments fromPost returns comments from entity.raw 2`] = `Array []`;

exports[`wp-org-comments â€º Comments fromPost returns comments from entity.raw 3`] = `
Array [
  Object {
    "avatar": "https://secure.gravatar.com/avatar/0e185711dda10636f58cf83e358b2e6e?s=96&d=mm&r=g",
    "content": "<p>Hi, Mario</p>
",
    "dateString": "2019-02-08T17:28:33",
    "id": "129",
    "name": "David Arenas",
    "parent": "124",
  },
]
`;

exports[`wp-org-comments â€º Comments sort replies by date 1`] = `
Array [
  Object {
    "avatar": "https://secure.gravatar.com/avatar/0e185711dda10636f58cf83e358b2e6e?s=96&d=mm&r=g",
    "content": "<p>Hi, Mario</p>
",
    "dateString": "2019-02-08T17:28:33",
    "id": "129",
    "name": "David Arenas",
    "parent": "124",
  },
  Object {
    "avatar": "https://secure.gravatar.com/avatar/0e185711dda10636f58cf83e358b2e6e?s=96&d=mm&r=g",
    "content": "<p>Hi, Mario</p>
",
    "dateString": "2019-02-08T18:00:00",
    "id": "131",
    "name": "Alan",
    "parent": "124",
  },
]
`;

exports[`wp-org-comments â€º Comments submit a new comment 1`] = `
Object {
  "commentsMap": Object {
    "60": Object {
      "124": Object {
        "avatar": "https://secure.gravatar.com/avatar/a850f5724ad7ea03941081972841a04a?s=96&d=mm&r=g",
        "content": "<p>Hi, Reyes</p>
",
        "dateString": "2019-02-06T17:35:39",
        "id": "124",
        "name": "Mario",
        "parent": "0",
      },
      "129": Object {
        "avatar": "https://secure.gravatar.com/avatar/0e185711dda10636f58cf83e358b2e6e?s=96&d=mm&r=g",
        "content": "<p>Hi, Mario</p>
",
        "dateString": "2019-02-08T17:28:33",
        "id": "129",
        "name": "David Arenas",
        "parent": "124",
      },
      "130": Object {
        "avatar": "https://secure.gravatar.com/avatar/0e185711dda10636f58cf83e358b2e6e?s=96&d=mm&r=g",
        "content": "<p>Hello</p>
",
        "dateString": "2019-02-08T17:28:40",
        "id": "130",
        "name": "Mario",
        "parent": "129",
      },
      "131": Object {
        "avatar": "https://secure.gravatar.com/avatar/0e185711dda10636f58cf83e358b2e6e?s=96&d=mm&r=g",
        "content": "<p>Hi, Mario</p>
",
        "dateString": "2019-02-08T18:00:00",
        "id": "131",
        "name": "Alan",
        "parent": "124",
      },
      "5": Object {
        "avatar": "https://secure.gravatar.com/avatar/485a5c16c5e51ffad6e76c48fd0cb88b?s=96&d=mm&r=g",
        "content": "<p>Nice post, Alan! Iceland must be amazing. Thanks for sharing ðŸ™‚</p>
",
        "dateString": "2017-01-13T16:10:43",
        "id": "5",
        "name": "Reyes Martinez",
        "parent": "0",
      },
    },
  },
}
`;

exports[`wp-org-comments â€º Comments update comments 1`] = `
Object {
  "commentsMap": Object {
    "60": Object {
      "124": Object {
        "avatar": "https://secure.gravatar.com/avatar/a850f5724ad7ea03941081972841a04a?s=96&d=mm&r=g",
        "content": "<p>Hi, Reyes</p>
",
        "dateString": "2019-02-06T17:35:39",
        "id": "124",
        "name": "Mario",
        "parent": "0",
      },
      "129": Object {
        "avatar": "https://secure.gravatar.com/avatar/0e185711dda10636f58cf83e358b2e6e?s=96&d=mm&r=g",
        "content": "<p>Hi, Mario</p>
",
        "dateString": "2019-02-08T17:28:33",
        "id": "129",
        "name": "David Arenas",
        "parent": "124",
      },
      "130": Object {
        "avatar": "https://secure.gravatar.com/avatar/0e185711dda10636f58cf83e358b2e6e?s=96&d=mm&r=g",
        "content": "<p>Hello</p>
",
        "dateString": "2019-02-08T17:28:40",
        "id": "130",
        "name": "Mario",
        "parent": "129",
      },
      "131": Object {
        "avatar": "https://secure.gravatar.com/avatar/0e185711dda10636f58cf83e358b2e6e?s=96&d=mm&r=g",
        "content": "<p>Hi, Mario</p>
",
        "dateString": "2019-02-08T18:00:00",
        "id": "131",
        "name": "Alan",
        "parent": "124",
      },
      "5": Object {
        "avatar": "https://secure.gravatar.com/avatar/485a5c16c5e51ffad6e76c48fd0cb88b?s=96&d=mm&r=g",
        "content": "<p>Nice post, Alan! Iceland must be amazing. Thanks for sharing ðŸ™‚</p>
",
        "dateString": "2017-01-13T16:10:43",
        "id": "5",
        "name": "Reyes Martinez",
        "parent": "0",
      },
    },
  },
}
`;
